
Discarded input sections

 .gcc_except_table._ZdlPv
                0x0000000000000000        0x4 obj/src/libcxx/alloc.o
 .comment       0x0000000000000000       0x23 obj/src/libcxx/alloc.o
 .eh_frame      0x0000000000000000       0x5c obj/src/libcxx/alloc.o
 .comment       0x0000000000000000       0x23 obj/src/libcxx/exception.o
 .eh_frame      0x0000000000000000      0x264 obj/src/libcxx/exception.o
 .comment       0x0000000000000000       0x23 obj/src/main.o
 .eh_frame      0x0000000000000000       0x70 obj/src/main.o
 .gnu.attributes
                0x0000000000000000       0x10 obj/src/main.o

Memory Configuration

Name             Origin             Length             Attributes
*default*        0x0000000000000000 0xffffffffffffffff

Linker script and memory map

LOAD obj/src/libcxx/alloc.o
LOAD obj/src/libcxx/exception.o
LOAD obj/src/main.o
LOAD obj/src/hooks.o
LOAD obj/sections/data0.o
LOAD obj/sections/data1.o
LOAD obj/sections/data2.o
LOAD obj/sections/data3.o
LOAD obj/sections/data4.o
LOAD obj/sections/data5.o
LOAD obj/sections/data6.o
LOAD obj/sections/data7.o
LOAD obj/sections/text0.o
LOAD obj/sections/text1.o
                0x0000000080000100                SYS_INT_Reset = 0x80000100
                0x0000000080000200                SYS_INT_MachineCheck = 0x80000200
                0x0000000080000300                SYS_INT_DSI = 0x80000300
                0x0000000080000400                SYS_INT_ISI = 0x80000400
                0x0000000080000500                SYS_INT_External = 0x80000500
                0x0000000080000600                SYS_INT_Alignment = 0x80000600
                0x0000000080000700                SYS_INT_Program = 0x80000700
                0x0000000080000800                SYS_INT_FPUnavailable = 0x80000800
                0x0000000080000900                SYS_INT_Decrementer = 0x80000900
                0x0000000080000c00                SYS_INT_Syscall = 0x80000c00
                0x0000000080000d00                SYS_INT_Trace = 0x80000d00
                0x0000000080000f00                SYS_INT_Perfmon = 0x80000f00
                0x0000000080001300                SYS_INT_IABR = 0x80001300
                0x0000000080001400                SYS_INT_UNK = 0x80001400
                0x0000000080001700                SYS_INT_Thermal = 0x80001700
                0x0000000080003100                memset = 0x80003100
                0x0000000080003130                __fill_mem = 0x80003130
                0x00000000800031f4                memcpy = 0x800031f4
                0x0000000080003244                TRK_memcpy = 0x80003244
                0x0000000080003268                SYS_another_stdclibrary_unknown = 0x80003268
                0x00000000800051ec                __check_pad3 = 0x800051ec
                0x000000008000522c                __start = 0x8000522c
                0x000000008000535c                __init_data = 0x8000535c
                0x000000008000541c                __init_hardware = 0x8000541c
                0x000000008000543c                __flush_cache = 0x8000543c
                0x00000000800059dc                SubactionEvent_0x0C = 0x800059dc
                0x0000000080007ecc                Hitbox_Grab_CollisionWithHurtboxCheck = 0x80007ecc
                0x00000000800083c4                Hurtbox_Update = 0x800083c4
                0x0000000080008428                Hitbox_Deactivate = 0x80008428
                0x0000000080008434                Hitbox_Activate = 0x80008434
                0x0000000080009f54                CollisionBubbles_DisplayHitboxes = 0x80009f54
                0x000000008000a244                CollisionBubbles_DisplayHurtboxes = 0x8000a244
                0x000000008000a584                CollisionBubbles_DisplayInvincIntang = 0x8000a584
                0x000000008000acfc                Hitbox_HurtbubbleCollision_CheckPreviousHitPlayers = 0x8000acfc
                0x000000008000ae58                LanguageSwitch_LoadCurrent_CompareJAP = 0x8000ae58
                0x000000008000ae90                LanguageSwitch_LoadCurrent_CompareUS = 0x8000ae90
                0x000000008000b1cc                JObj_Spawn = 0x8000b1cc
                0x000000008000b804                DATfile_BoneStructure_Copy = 0x8000b804
                0x000000008000c07c                Ab_HUD_Unknown = 0x8000c07c
                0x000000008000c160                Zero_AreaLength = 0x8000c160
                0x000000008000ce50                expf = 0x8000ce50
                0x000000008000cee0                tanf = 0x8000cee0
                0x000000008000e210                HSD_CObjTransform = 0x8000e210
                0x000000008000ed54                Ab_Unknown_CalledForEachPlayerOnMatchStartEnd = 0x8000ed54
                0x000000008000f214                Ab_Unk_Called1pfOnSomeDebugDisplayModes = 0x8000f214
                0x0000000080013b14                Ab_Menu_TextDraw_General = 0x80013b14
                0x0000000080014014                ColorData_TurnOnColorFlagandCvtRGBtoFloat = 0x80014014
                0x0000000080014574                Rumble_ExecuteControllerRumble_PrefunctionLogic = 0x80014574
                0x000000008001529c                RAM_Allocation_TableUpdate = 0x8001529c
                0x0000000080016be0                FileLoad_ArgASCIIpoint = 0x80016be0
                0x0000000080017ebc                DATfile_StageFileLoad_More = 0x80017ebc
                0x00000000800192a8                Ab_uk_RunsMultipleTimesAFrame = 0x800192a8
                0x00000000800198e0                ButtonPresses_ConvertRawInput_Prefunction = 0x800198e0
                0x0000000080019cb0                MemoryCard_SaveData_CopyData = 0x80019cb0
                0x000000008001a4cc                MemoryCard_FindFiles = 0x8001a4cc
                0x000000008001ba44                MemoryCard_DeleteGameData = 0x8001ba44
                0x000000008001bc18                MemoryCard_CreateData = 0x8001bc18
                0x000000008001bd34                MemoryCard_LoadData = 0x8001bd34
                0x000000008001be30                MemoryCard_SaveGameData = 0x8001be30
                0x000000008001c2d8                Startup_CheckForPikminData = 0x8001c2d8
                0x000000008001cbac                MemoryCard_SetSavingStateFlag_ArgEqual4ForNO = 0x8001cbac
                0x000000008001cbbc                MemoryCard_DoLoadData = 0x8001cbbc
                0x000000008001cc4c                MemoryCard_DeleteGameData_HandleAllInputs = 0x8001cc4c
                0x000000008001cc84                MemoryCard_CheckToSaveData = 0x8001cc84
                0x000000008001d1f4                Ab_Unknown_OnSceneTransition = 0x8001ce78
                0x000000008001cec0                Ab_Unknown_MenuScene_EveryFrame_2 = 0x8001cec0
                0x000000008001cee4                Ab_Unknown_MenuScene_EveryFrame = 0x8001cee4
                0x000000008001cf18                Ab_Unknown_OnLoadScene = 0x8001cf18
                0x000000008001d164                MemoryCard_LoadBannerIconImagesToRAM = 0x8001d164
                0x000000008001d1f4                Ab_Unknown_OnSceneTransition = 0x8001d1f4
                0x000000008001d2bc                Ab_Unknown_EveryFrame = 0x8001d2bc
                0x000000008001df6c                CameraMode_ScreenshotSave = 0x8001df6c
                0x000000008001e204                MemoryCard_0x3E840_LoadConstant = 0x8001e204
                0x000000008001e210                MemoryCard_0x840_LoadConstant = 0x8001e210
                0x000000008001eb14                MoviePlayer_Load = 0x8001eb14
                0x0000000080021a18                FullscreenShader = 0x80021a18
                0x0000000080022c30                atan2 = 0x80022c30
                0x0000000080022d1c                acos = 0x80022d1c
                0x0000000080022dbc                asin = 0x80022dbc
                0x0000000080022df8                nlRecipSqrt = 0x80022df8
                0x0000000080022e68                atan = 0x80022e68
                0x0000000080023694                SFX_StopAll_Return_R3EqualTo1 = 0x80023694
                0x00000000800236dc                Music_StopMusic = 0x800236dc
                0x0000000080023f28                Music_HandleLoading = 0x80023f28
                0x0000000080024030                SFX_MenuCommonSound = 0x80024030
                0x00000000800243f4                SFX_PlayAnnouncerSFX = 0x800243f4
                0x0000000080025064                MusicSFX_Toggle_DevelopMode = 0x80025064
                0x0000000080026f2c                wP_Debug_StartMelee = 0x80026f2c
                0x0000000080028b9c                CameraInfo_Init = 0x80028b9c
                0x000000008002a278                Camera_0xA4A8_Store = 0x8002a278
                0x000000008002a4ac                CObj_UpdateFromCamera = 0x8002a4ac
                0x000000008002c5b4                Pause_Camera_TranslationMore_PerFrame = 0x8002c5b4
                0x000000008002cb0c                Pause_CameraThink = 0x8002cb0c
                0x000000008002ddc4                Camera_WriteValues = 0x8002ddc4
                0x000000008002f474                CameraInfo_TypeNormalStore = 0x8002f474
                0x000000008002f4d4                Camera_PauseScreenInitialize = 0x8002f4d4
                0x000000008002f73c                Camera_PauseScreenInitializeBegin_R5EqualTo0 = 0x8002f73c
                0x000000008002f760                Camera_PauseScreenInitializeBegin_R5EqualTo1 = 0x8002f760
                0x000000008002f784                Camera_Type_Training = 0x8002f784
                0x000000008002f7ac                Ab_Camera_BonusPointsZoom = 0x8002f7ac
                0x000000008002f8f4                CameraInfo_TypeFixedStore = 0x8002f8f4
                0x000000008003006c                DevelopMode_CameraTypeChange = 0x8003006c
                0x00000000800300f0                CameraType_StoreBackRegular_DevelopToggles = 0x800300f0
                0x000000008003010c                CameraType_CompareTo_0x5 = 0x8003010c
                0x0000000080030130                CameraType_CompareTo_0x6 = 0x80030130
                0x0000000080030154                CameraType_CompareTo_0x7 = 0x80030154
                0x0000000080030178                CameraType_CompareTo_0x8 = 0x80030178
                0x000000008003019c                CameraType_0x7_P1CameraDataOffset_Load = 0x8003019c
                0x0000000080030740                CameraInfo_BGColorStore = 0x80030740
                0x0000000080030758                CameraInfo_BGLoad_StoreToStack = 0x80030758
                0x0000000080030788                CameraInfo_TiltPan_idk = 0x80030788
                0x00000000800307ac                CameraInfo_TiltPan_idk2 = 0x800307ac
                0x0000000080030a50                Camera_LoadCameraEntity = 0x80030a50
                0x0000000080030bbc                WorldToScreen = 0x80030bbc
                0x0000000080030de4                Camera_XYTranslation_Store = 0x80030de4
                0x0000000080030df8                Camera_XYTranslation_Store0 = 0x80030df8
                0x0000000080030e34                CameraInfo_0xAC_StoreF1 = 0x80030e34
                0x0000000080030e44                CameraInfo_ExecuteScreenRumble = 0x80030e44
                0x0000000080031144                CameraInfo_0x2BC_Load = 0x80031144
                0x00000000800311cc                Camera_StoreDistToBG = 0x800311cc
                0x00000000800311dc                Camera_StoreZoom = 0x800311dc
                0x0000000080031790                PlayerBlock_MakeCharUncontrollable = 0x80031790
                0x0000000080031ad0                SetupPlayerSlot = 0x80031ad0
                0x00000000800322c0                PlayerBlock_0x00_LoadCharID = 0x800322c0
                0x0000000080032330                PlayerBlock_0x04_CharIDInternalLoad = 0x80032330
                0x00000000800323a0                PlayerBlock_0x04_CharIDInternalStore = 0x800323a0
                0x000000008003241c                PlayerBlock_0x08_LoadSlotType = 0x8003241c
                0x000000008003248c                PlayerBlock_0x08_LoadSlotType_DataOffset_0x221F_Check = 0x8003248c
                0x000000008003254c                PlayerBlock_0x08_StoreR4toPlayerType = 0x8003254c
                0x00000000800325c8                PlayerBlock_LoadInternalCharIDFromExternalOrFlag = 0x800325c8
                0x00000000800326cc                PlayerBlock_0x10x14x18_LoadPlayerCoordsToR4 = 0x800326cc
                0x0000000080032768                PlayerBlock_0x10x14x18_StoreNametagCoords = 0x80032768
                0x0000000080032828                PlayerBlock_0x10x14x18_UpdateNametagCoords = 0x80032828
                0x00000000800328d4                PlayerBlock_0x10x14x18_ResetNametagCoords = 0x800328d4
                0x0000000080032bb0                PlayerBlock_LoadModelScaleForPosition = 0x80032bb0
                0x0000000080032c38                PlayerBlock_StorePosRelativeToModelScale = 0x80032c38
                0x0000000080032cf0                PlayerBlock_0x28x2Cx30_LoadSpawnPlatformFinalPos = 0x80032cf0
                0x0000000080032d80                PlayerBlock_0x28x2Cx30_StoreSpawnPlatformFinalPos = 0x80032d80
                0x0000000080032e10                PlayerBlock_0x34x38x3C_Load = 0x80032e10
                0x0000000080032ea0                PlayerBlock_0x34x38x3C_Store = 0x80032ea0
                0x0000000080032f30                PlayerBlock_0x4E_Load = 0x80032f30
                0x0000000080032fa4                PlayerBlock_0x4E_Store = 0x80032fa4
                0x0000000080033024                PlayerBlock_0x40_LoadFacingDirection = 0x80033024
                0x0000000080033094                PlayerBlock_0x40_StoreFacingDirectionAgain = 0x80033094
                0x0000000080033110                PlayerBlock_0x40_StoreFacingDirection_GrThanZero = 0x80033110
                0x0000000080033198                PlayerBlock_0x44_LoadCostumeID = 0x80033198
                0x0000000080033208                PlayerBlock_0x44_StoreCostumeID = 0x80033208
                0x0000000080033284                PlayerBlock_0x46_LoadSubcolor = 0x80033284
                0x00000000800332f4                PlayerBlock_0x46_StoreSubcolor = 0x800332f4
                0x0000000080033370                PlayerBlock_0x47_LoadTeamID = 0x80033370
                0x00000000800333e0                PlayerBlock_0x47_StoreTeamID = 0x800333e0
                0x000000008003345c                PlayerBlock_0x48_LoadControllerIndex = 0x8003345c
                0x00000000800334cc                PlayerBlock_0x48_StoreControllerIndex = 0x800334cc
                0x0000000080033548                PlayerBlock_0x49_LoadCPULevel = 0x80033548
                0x00000000800335b8                PlayerBlock_0x49_StoreCPULevel = 0x800335b8
                0x0000000080033670                PlayerBlock_0x4A_LoadCPUType = 0x80033670
                0x00000000800336e0                PlayerBlock_0x4A_StoreCPUType = 0x800336e0
                0x0000000080033798                PlayerBlock_0x4B_LoadHandicapValue = 0x80033798
                0x0000000080033808                PlayerBlock_0x4B_StoreHandicapValue = 0x80033808
                0x0000000080033884                PlayerBlock_0x50_Load = 0x80033884
                0x00000000800338f4                PlayerBlock_0x54_LoadAttackRatio = 0x800338f4
                0x0000000080033964                PlayerBlock_0x54_StoreAttackRatio = 0x80033964
                0x00000000800339e0                PlayerBlock_0x58_LoadDefenseRatio = 0x800339e0
                0x0000000080033a50                PlayerBlock_0x58_StoreDefenseRatio = 0x80033a50
                0x0000000080033acc                PlayerBlock_0x5C_LoadModelScale = 0x80033acc
                0x0000000080033b3c                PlayerBlock_0x5C_StoreModelScale = 0x80033b3c
                0x0000000080033bd8                PlayerBlock_0x8E_Stocks_LoadRemaining = 0x80033bd8
                0x0000000080033c4c                PlayerBlock_0x8E_Stocks_LoadPlayer1 = 0x80033c4c
                0x0000000080033c60                PlayerBlock_0x8E_Stocks_StoreR4 = 0x80033c60
                0x0000000080033ce0                PlayerBlock_0x8E_Stocks_SubtractOne = 0x80033ce0
                0x0000000080033d60                PlayerBlock_0x90_LoadCurrentCoins = 0x80033d60
                0x0000000080033dd0                PlayerBlock_0x90_StoreCurrentCoins = 0x80033dd0
                0x0000000080033e4c                PlayerBlock_0x94_LoadCoinsCollected = 0x80033e4c
                0x0000000080033ebc                PlayerBlock_0x94_StoreCoinsCollected = 0x80033ebc
                0x0000000080033f38                PlayerBlock_0x98_Load = 0x80033f38
                0x0000000080033fa8                PlayerBlock_0x98_Store = 0x80033fa8
                0x0000000080034024                PlayerBlock_0x9C_Load = 0x80034024
                0x0000000080034094                PlayerBlock_0x9C_Store = 0x80034094
                0x0000000080034110                PlayerBlock_0xB0_LoadDataOffsetStart = 0x80034110
                0x000000008003418c                PlayerBlock_0xB0_LoadSubcharOffsetStart = 0x8003418c
                0x00000000800342b4                PlayerBlock_0x60_LoadDamage = 0x800342b4
                0x0000000080034418                PlayerBlock_0x60_StoreDamage = 0x80034418
                0x00000000800344b4                PlayerBlock_0x64_Load = 0x800344b4
                0x0000000080034524                PlayerBlock_0x64_Store = 0x80034524
                0x00000000800345a4                PlayerBlock_0x64_Unk = 0x800345a4
                0x0000000080034634                PlayerBlock_0xAD_Stamina_LoadDisplayBool = 0x80034634
                0x00000000800346a8                PlayerBlock_0xAD_Load_00000001 = 0x800346a8
                0x000000008003472c                PlayerBlock_0xAD_Load_00000010 = 0x8003472c
                0x00000000800347a0                PlayerBlock_0xAD_Shift27 = 0x800347a0
                0x0000000080034824                PlayerBlock_0xAD_Shift28 = 0x80034824
                0x00000000800348a8                PlayerBlock_0xAD_Load_00000008 = 0x800348a8
                0x000000008003491c                PlayerBlock_0xAD_Load_00000004 = 0x8003491c
                0x0000000080034990                PlayerBlock_0xAD_Shift29 = 0x80034990
                0x0000000080034a14                PlayerBlock_0xAD_Load_00000003 = 0x80034a14
                0x0000000080034a88                PlayerBlock_0xAD_Shift_00000003 = 0x80034a88
                0x0000000080034b0c                PlayerBlock_0xAE_Load_00000080 = 0x80034b0c
                0x0000000080034b80                PlayerBlock_0xAE_Shift24 = 0x80034b80
                0x0000000080034c04                PlayerBlock_0x60_Unk = 0x80034c04
                0x0000000080034ca4                PlayerBlock_0x68_Unk = 0x80034ca4
                0x0000000080034d78                PlayerBlock_0x68_LoadFalls = 0x80034d78
                0x0000000080034e04                PlayerBlock_0x68_StoreFalls = 0x80034e04
                0x0000000080034e8c                PlayerBlock_0x68_Unk2 = 0x80034e8c
                0x0000000080034f24                PlayerBlock_0x70_LoadKillCount = 0x80034f24
                0x0000000080034fa8                PlayerBlock_0x70_StoreKillCount = 0x80034fa8
                0x0000000080035114                PlayerBlock_0x88_Load = 0x80035114
                0x0000000080035184                PlayerBlock_0x88_StoreMatchFrameCount = 0x80035184
                0x000000008003521c                PlayerBlock_0x8C_LoadSuicides = 0x8003521c
                0x000000008003528c                PlayerBlock_0x8C_StoreSuicides = 0x8003528c
                0x0000000080035320                PlayerBlock_0x8C_DeathRelated = 0x80035320
                0x00000000800353bc                PlayerBlock_0xAC_RumbleFlag_LoadAgain = 0x800353bc
                0x000000008003544c                PlayerBlock_0xAC_RumbleFlag_Load = 0x8003544c
                0x00000000800354e8                PlayerBlock_0xAC_Shift = 0x800354e8
                0x000000008003556c                PlayerBlock_0xA8_LoadNameTagSlot = 0x8003556c
                0x00000000800355e0                PlayerBlock_0xA8_StoreNameTagSlot = 0x800355e0
                0x000000008003565c                PlayerBlock_0xAC_LoadMultiSpawnFlag = 0x8003565c
                0x00000000800356d0                PlayerBlock_0xAC_ShiftStore1 = 0x800356d0
                0x000000008003574c                PlayerBlock_0xAC_ShiftStore0 = 0x8003574c
                0x00000000800357c8                PlayerBlock_0xAC_MatchEntryActionState_Load = 0x800357c8
                0x000000008003583c                PlayerBlock_0xAC_Shift_00000001 = 0x8003583c
                0x00000000800358c0                PlayerBlock_0xAC_Shift_00000008 = 0x800358c0
                0x0000000080035b24                PlayerBlock_0xAC_Load_00000001 = 0x80035b24
                0x0000000080035c1c                PlayerBlock_0xAD_Load_00000080 = 0x80035c1c
                0x0000000080035c90                PlayerBlock_0xAD_Load_00000040 = 0x80035c90
                0x0000000080035d04                PlayerBlock_0xAD_MakeContain01 = 0x80035d04
                0x0000000080035d88                PlayerBlock_0x4D_Load = 0x80035d88
                0x0000000080035df8                PlayerBlock_0x4D_Store = 0x80035df8
                0x0000000080035e74                PlayerBlock_0xAE_Load_00000040 = 0x80035e74
                0x0000000080035ee8                PlayerBlock_0xAE_Shift25 = 0x80035ee8
                0x0000000080035f6c                PlayerBlock_0x4C_Load = 0x80035f6c
                0x0000000080035fdc                PlayerBlock_0x4C_Store = 0x80035fdc
                0x0000000080036058                PlayerBlock_0xB0_LoadSubplayerDataOffsetStart = 0x80036058
                0x00000000800360d8                PlayerBlock_0xB0_Unk = 0x800360d8
                0x0000000080036158                PlayerBlock_0xB8_Store = 0x80036158
                0x00000000800361d4                PlayerBlock_0xE8_GoTo = 0x800361d4
                0x0000000080036244                PlayerBlock_0xBC_GoToStaleMoveEntry = 0x80036244
                0x00000000800362b4                PlayerBlock_GoTo_0x6A8 = 0x800362b4
                0x0000000080036324                PlayerBlock_0xBC_GoToStaleMoveListStart = 0x80036324
                0x0000000080036394                PlayerBlock_LoadSubplayerInternalID = 0x80036394
                0x0000000080036428                PlayerBlock_LoadPlayerWhoLastDamagedThisPlayer = 0x80036428
                0x00000000800364bc                PlayerBlock_0x45_StoreControllerIndex = 0x800364bc
                0x0000000080036538                PlayerBlock_0x45_CheckTypeThenLoadControllerIndex = 0x80036538
                0x00000000800365bc                PlayerBlock_0xA0_IncrementJoystickSmashes = 0x800365bc
                0x0000000080037168                Death_DamageStaleClear = 0x80037168
                0x000000008003722c                Ab_Stale_Moves = 0x8003722c
                0x0000000080037ecc                PlayerBlock_0x1A8_MeteorAttackCounter_Increment = 0x80037ecc
                0x00000000800386d8                cTeamGetPlayer = 0x800386d8
                0x000000008003d644                Ab_Death_GiantUnknownDeathFunc = 0x8003d644
                0x000000008003df44                Death_DoSomething = 0x8003df44
                0x000000008003ec9c                PlayerBlock_0xC60xC64_DamageTakenAndPeakDamageUpdate = 0x8003ec9c
                0x0000000080040270                PlayerBlock_0xCE4_150Knockback_CheckforCounter = 0x80040270
                0x0000000080041ee4                InitPhys = 0x80041ee4
                0x0000000080042db0                ECB_Update = 0x80042db0
                0x0000000080043670                dGeomEnable = 0x80043670
                0x0000000080043754                Physics_Move = 0x80043754
                0x0000000080047e14                ECB_CheckorSomething = 0x80047e14
                0x000000008004cbc0                DataOffset_CheckIfOnDropThroughPlatform = 0x8004cbc0
                0x00000000800524dc                Ab_Unknown_CalledOnSamusZair = 0x800524dc
                0x0000000080054cec                StageFile_GroundIDTypeLoad = 0x80054cec
                0x0000000080055e9c                Stages_MovingCollisionPointsIngame = 0x80055e9c
                0x0000000080056758                CollisionPoint_Extend = 0x80056758
                0x00000000800567c0                CollisionLink_CheckSomething = 0x800567c0
                0x00000000800590f4                ECBQuads_redblueSquares_Draw = 0x800590f4
                0x0000000080059e60                CollisionLink_Draw = 0x80059e60
                0x000000008005a2dc                CameraInfo_ECBCollLinks_Draw = 0x8005a2dc
                0x000000008005a340                BlastzoneCameraLimits_Draw = 0x8005a340
                0x000000008005c1b4                Ab_gfx_AllButMusicFreezeOnBLR = 0x8005c1b4
                0x000000008005fddc                Textures_DisplayEffectTextures = 0x8005fddc
                0x00000000800676f0                GFX_Spawn_Actually = 0x800676f0
                0x0000000080067abc                FileLoad_PlCodat = 0x80067abc
                0x0000000080067c98                DataOffset_InitializeDataEntryAndDeath = 0x80067c98
                0x0000000080068854                DataOffset_SetButtonTimersTo0xFF = 0x80068854
                0x0000000080068914                DataOffset_InitializeData_Some = 0x80068914
                0x0000000080068e40                Add1toSpawnNumberTotal = 0x80068e40
                0x0000000080068e64                StageInfo_FlatzoneCheck_ModifyCharWidth = 0x80068e64
                0x0000000080068e98                AllocateAndInitPlayer = 0x80068e98
                0x00000000800693ac                ActionStateChange = 0x800693ac
                0x000000008006a360                PlayerThinkAgain = 0x8006a360
                0x000000008006aba0                HumanOrCPUCheck = 0x8006aba0
                0x000000008006abec                Player_UpdateActionInputTimers = 0x8006abec
                0x000000008006ad10                PlayerThink_ControllerInputsToDataOffset = 0x8006ad10
                0x000000008006b82c                PlayerThink_Physics = 0x8006b82c
                0x000000008006ca5c                PlayerThink = 0x8006ca5c
                0x000000008006cb94                Player_CollisionLogicFunctions = 0x8006cb94
                0x000000008006cc30                Damage_ApplyDamageCoinDropCheck = 0x8006cc30
                0x000000008006cc7c                Damage_ApplyUpdateOnscreenPercent = 0x8006cc7c
                0x000000008006cda4                Damage_DropItemCheck = 0x8006cda4
                0x000000008006cf5c                Heal_PercentGFX_r4EqualToIntegerAmtToHeal = 0x8006cf5c
                0x000000008006eba4                AS_AnimationFrameUpdateMore = 0x8006eba4
                0x000000008006f190                FrameSpeedChange_Landing = 0x8006f190
                0x000000008006f238                FrameTimerCheck = 0x8006f238
                0x0000000080070f28                Animation_SomethingDuringActionStatechange = 0x80070f28
                0x0000000080071028                SubactionEvent_0x28_GFXSpawn = 0x80071028
                0x000000008007121c                SubactionEvent_0x2C_HitboxMelee_StoreInfoToDataOffset = 0x8007121c
                0x00000000800715ec                HitboxData_GoToEnd = 0x800715ec
                0x00000000800717d8                SubactionEvent_0x40_HitboxRemove = 0x800717d8
                0x0000000080071820                SubactionEvent_0x4C_AutoCancel = 0x80071820
                0x0000000080071950                SubactionEvent_IASAEnable = 0x80071950
                0x0000000080071a14                SubactionEvent_0x66_BodyStateChange = 0x80071a14
                0x0000000080071a9c                SubactionEvent_0x70_ChangeHurtBubbleBodyState = 0x80071a9c
                0x0000000080071d40                SubactionEvent_0x7C_CharacterObjectModifiers = 0x80071d40
                0x0000000080072a5c                SubactionEvent_0xB8_BodyAura = 0x80072a5c
                0x0000000080072bf4                SubactionEvent_0xCC_DamageSelf = 0x80072bf4
                0x0000000080072e4c                SubactionEvent_0xDC_GFXSFX = 0x80072e4c
                0x0000000080073008                SubactionEvent_0xE0_SmashAttackHold = 0x80073008
                0x0000000080073240                AnimationFrameUpdateScriptTimers = 0x80073240
                0x0000000080074a8c                CharacterObjectFlagModify = 0x80074a8c
                0x00000000800761c8                Ab_Camera__NormalBehaviorMode = 0x800761c8
                0x00000000800763c0                DataOffset_ComboCount_Logic = 0x800763c0
                0x00000000800764dc                DataOffset_ComboCount_LeaveHitstunCheckForOpponent = 0x800764dc
                0x0000000080076528                DataOffset_ComboCount_TopNAttackerModify = 0x80076528
                0x0000000080076ed8                Player_MeleeDamage = 0x80076ed8
                0x0000000080077c60                Items_GetTouchableItem = 0x80077c60
                0x0000000080078a2c                Hitbox_GrabAttackLogic = 0x80078a2c
                0x0000000080078c70                Hitbox_MeleeAttackLogic = 0x80078c70
                0x000000008007925c                Hitbox_ProjectileLogic = 0x8007925c
                0x0000000080079ab0                Damage_KnockbackCalculate = 0x80079ab0
                0x000000008007abd0                Hitbox_ApplyDamageStalingAndMore = 0x8007abd0
                0x000000008007ac68                Hitbox_MeteorAttackCheck = 0x8007ac68
                0x000000008007ac9c                Hitbox_MeteorAttackCheck_SetFlag = 0x8007ac9c
                0x000000008007afc8                Hitbox_Deactivate_R4input = 0x8007afc8
                0x000000008007aff8                Hitbox_Deactivate_All = 0x8007aff8
                0x000000008007b0c0                Hurtbox_ApplyBodyState_0x24flagAsWell = 0x8007b0c0
                0x000000008007b62c                BodyState_ApplyColorGFXOverlay = 0x8007b62c
                0x000000008007b7a4                BodyState_ApplyInvincIntang = 0x8007b7a4
                0x000000008007b7fc                Item_Starman_Apply = 0x8007b7fc
                0x000000008007c114                Items_HammerCheck_RunFunc = 0x8007c114
                0x000000008007c77c                fk_CoinGet = 0x8007c77c
                0x000000008007d268                VelocityX_GetForUpdateCalc = 0x8007d268
                0x000000008007d28c                VelocityX_Calculate = 0x8007d28c
                0x000000008007d4e4                Fastfall_StoreVelocity = 0x8007d4e4
                0x000000008007d528                Interrupt_Fastfall_CheckToExecute = 0x8007d528
                0x000000008007d5bc                DataOffset_ECBBottomUpdateEnable = 0x8007d5bc
                0x000000008007d5d4                Air_StoreBool_LoseGroundJump_NoECBfor10Frames = 0x8007d5d4
                0x000000008007d60c                Air_StoreBool_LoseAllJumps_NoECBfor5Frames_NoXVeloc = 0x8007d60c
                0x000000008007d698                Jumps_UseUpAllJumps = 0x8007d698
                0x000000008007d92c                AS_FallorWait_CheckAirStateFlag = 0x8007d92c
                0x000000008007d964                Joystick_Angle_Retrieve_AbsX = 0x8007d964
                0x000000008007d99c                CStick_Angle_Retrive_AbsX = 0x8007d99c
                0x000000008007d9d4                Joystick_Angle_Retrieve = 0x8007d9d4
                0x000000008007d9fc                FacingDirection_Change_FromJoystickAxis = 0x8007d9fc
                0x000000008007da74                Damage_HitlagCalculate = 0x8007da74
                0x000000008007db58                Ab_Hitlag = 0x8007db58
                0x000000008007dd7c                Physics_NudgePlayers = 0x8007dd7c
                0x000000008007e2f4                DataOffset_0x1A6A_Store = 0x8007e2f4
                0x000000008007e6dc                Item_DropItem_OnPlayerDamageatleast = 0x8007e6dc
                0x000000008007e994                Item_Parasol_SpecialStuff = 0x8007e994
                0x000000008007ea90                Damage_CoinModeCheckRemoveCoins = 0x8007ea90
                0x000000008007efc0                DataOffset_0x209A_StoreR4half = 0x8007efc0
                0x000000008007efc8                SheikZelda_Transform_CopyInfoAndSleep = 0x8007efc8
                0x000000008007f804                DataOffset_ZScale_Compareto1 = 0x8007f804
                0x000000008007f824                CharacterSpecificFunction__GoTo = 0x8007f824
                0x000000008007f8e8                Item_BunnyHood_Remove = 0x8007f8e8
                0x000000008007fa58                Item_BunnyHood_Apply = 0x8007fa58
                0x0000000080080144                DataOffset_CheckForNanaOrPopo_IsCostumeID2 = 0x80080144
                0x0000000080080460                DataOffset_StaminaKnockbackEnable = 0x80080460
                0x00000000800804ec                DataOffset_PlayerScale_MultiplyBySomething = 0x800804ec
                0x00000000800804fc                DataOffset_SlotWhoLastDamaged_MakeSelfIfOnGround = 0x800804fc
                0x00000000800805c8                PlayerDisplayState_Draw_Logic = 0x800805c8
                0x0000000080080e18                Player_RenderCallback = 0x80080e18
                0x0000000080081298                Interrupt_CliffCatch = 0x80081298
                0x0000000080081370                AS_252_CliffCatch = 0x80081370
                0x0000000080081504                AS_253_CliffWait_TimertoEnter = 0x80081504
                0x000000008008169c                Interrupt_Walljump = 0x8008169c
                0x0000000080081dd4                Damage_CheckIfHittingGround = 0x80081dd4
                0x00000000800822a4                CliffCatch_ChecktoEnter_CheckRegrabDisableByte = 0x800822a4
                0x0000000080082708                Physics_Player_CopyCurrFrameToPrev = 0x80082708
                0x0000000080082e3c                Physics_CheckIfPlayerAlreadyOnLedge = 0x80082e3c
                0x00000000800844ec                DataOffset_Phys_t_Update = 0x800844ec
                0x0000000080084db0                Fastfall_CheckIfFastFallingandUpdateVelocity = 0x80084db0
                0x0000000080086060                Nana_IfNana_LoadPopoInternalCharOffset = 0x80086060
                0x00000000800860c4                CountPlayers = 0x800860c4
                0x00000000800865c0                DataOffset_FacingDirectionLoad = 0x800865c0
                0x00000000800865cc                DataOffset_GroundAirStateLoad = 0x800865cc
                0x0000000080086644                DataOffset_TopN_StoreToStack = 0x80086644
                0x00000000800866a4                DataOffset_ModelScaleStore_0x38 = 0x800866a4
                0x00000000800866dc                Camera_PassPlayerBones = 0x800866dc
                0x0000000080086724                Items_RemoveItemFromPlayer = 0x80086724
                0x0000000080086764                DataOffset_0x1984_Load_BLNonZero = 0x80086764
                0x0000000080086794                DataOffset_ItemHeldLoad = 0x80086794
                0x00000000800867cc                DataOffset_0x1984_Load = 0x800867cc
                0x0000000080086960                EntityClass_PlayerCheck = 0x80086960
                0x0000000080086984                DataOffset_AddOffset_0x6F0 = 0x80086984
                0x00000000800869f8                DataOffset_ModelScaleAttributeInitialize = 0x800869f8
                0x0000000080086a0c                DataOffset_PlayerScaleLoad = 0x80086a0c
                0x0000000080086a4c                DataOffset_0x1958_Load = 0x80086a4c
                0x0000000080086b74                DataOffset_0x0890_Load = 0x80086b74
                0x0000000080086be0                DataOffset_PortNumberLoad = 0x80086be0
                0x0000000080086bec                DataOffset_CoordinateFrameDeltaLoadStoreElsewhere = 0x80086bec
                0x0000000080086c0c                DataOffset_ActionStateLoad = 0x80086c0c
                0x0000000080086eb4                DataOffset_TeamIDLoad = 0x80086eb4
                0x0000000080086fa8                BeamSwordSwing_ActionStateCheck = 0x80086fa8
                0x0000000080086fd4                DataOffset_CheckIf2PlayersAreSame = 0x80086fd4
                0x000000008008701c                DataOffset_221F_LoadFrozenInvisibleBit = 0x8008701c
                0x00000000800870bc                DataOffset_SubcolorLoadCompare = 0x800870bc
                0x00000000800870f0                DataOffset_Damage_MakeR4EqualToDamage = 0x800870f0
                0x0000000080087120                DataOffset_Damage_ConvertToInt = 0x80087120
                0x0000000080087140                TrainingMode_ResetPlayer = 0x80087140
                0x00000000800871a8                Item_MetalBox_Apply = 0x800871a8
                0x0000000080087284                AS_108_LightThrowF4_Check = 0x80087284
                0x00000000800872a4                DataOffset_InternalCharacterIDLoad = 0x800872a4
                0x00000000800872b0                DataOffset_GoTo0x20A4 = 0x800872b0
                0x0000000080087300                DataOffset_LoadPlayerWhoLastDamagedThisPlayer = 0x80087300
                0x000000008008731c                DataOffset_0x221F_CheckIfFrozenInvisible = 0x8008731c
                0x000000008008732c                DeathActionStateCheck = 0x8008732c
                0x0000000080087354                DeathUpwardCheck = 0x80087354
                0x000000008008737c                DeathStarUpwardCheck = 0x8008737c
                0x00000000800873a4                DeadUpFallCheck = 0x800873a4
                0x00000000800873cc                AS_RebirthRebirthWait_CheckIfInState = 0x800873cc
                0x00000000800873f4                EntryOrEntryWaitASCheck = 0x800873f4
                0x000000008026b384                cGameGetGameTime = 0x80087454
                0x0000000080087460                DataOffset_GetSpawnNumber = 0x80087460
                0x00000000800874bc                DataOffset_0x221F_Contain00000008 = 0x800874bc
                0x0000000080087818                DataOffset_CheckInstantButtonsEqualR4 = 0x80087818
                0x0000000080088148                Ab_Unknown_CalledEveryFewFramesOnCharMove = 0x80088148
                0x0000000080089118                Damage_DamageStaleCalcMult = 0x80089118
                0x0000000080089228                Damage_DamageStale = 0x80089228
                0x000000008008a2bc                AS_014_Wait_PlayerCheck = 0x8008a2bc
                0x000000008008a348                AS_014_Wait = 0x8008a348
                0x000000008008a4d4                Interrupt_AS_Wait = 0x8008a4d4
                0x000000008008a698                Items_CheckForItems_Something = 0x8008a698
                0x000000008008a9f8                Interrupt_JabItemThrow_DecrementTimer = 0x8008a9f8
                0x000000008008ab84                AS_044_Jab1_PreFunc_GWCheck = 0x8008ab84
                0x000000008008abc0                AS_044_Jab1 = 0x8008abc0
                0x000000008008acd8                Interrupt_AS_Jab1 = 0x8008acd8
                0x000000008008ae30                AS_045_Jab2Again = 0x8008ae30
                0x000000008008af0c                Interrupt_Jab2 = 0x8008af0c
                0x000000008008b07c                Interrupt_AS_Jab2 = 0x8008b07c
                0x000000008008b194                AS_046_Jab3 = 0x8008b194
                0x000000008008b248                Interrupt_Jab3 = 0x8008b248
                0x000000008008b390                Interrupt_AS_Jab3 = 0x8008b390
                0x000000008008b4d4                AS_050_AttackDash = 0x8008b4d4
                0x000000008008b584                Interrupt_Store3to_0x2340 = 0x8008b584
                0x000000008008b5ac                Interrupt_AS_AttackDash = 0x8008b5ac
                0x000000008008b658                Interrupt_FTilt = 0x8008b658
                0x000000008008b788                AS_053054_MidLowMid_FTilt = 0x8008b788
                0x000000008008b980                Interrupt_UpTilt = 0x8008b980
                0x000000008008ba38                AS_056_UpTilt = 0x8008ba38
                0x000000008008ba98                Ab_ASF_056_UpTilt_1 = 0x8008ba98
                0x000000008008bad4                Interrupt_AS_AttackHi3_Utilt = 0x8008bad4
                0x000000008008bb04                Ab_ASF_056_UpTilt_3 = 0x8008bb04
                0x000000008008bb24                Ab_ASF_056_UpTilt_4 = 0x8008bb24
                0x000000008008bb44                Interrupt_DTilt = 0x8008bb44
                0x000000008008bc00                Ab_AS_057_DownTilt = 0x8008bc00
                0x000000008008bc34                AS_057_DTilt_ExecuteGWCheck = 0x8008bc34
                0x000000008008bc70                AS_057_DownTilt = 0x8008bc70
                0x000000008008bcfc                Ab_ASF_57_DownTilt4 = 0x8008bcfc
                0x000000008008bd80                Interrupt_AS_AttackLow3_Dtilt = 0x8008bd80
                0x000000008008bf84                Ab_ASF_57_DownTilt_2 = 0x8008bf84
                0x000000008008bfa4                Ab_ASF_57_DownTilt_3 = 0x8008bfa4
                0x000000008008bfc4                Interrupt_FSmash = 0x8008bfc4
                0x000000008008c830                Interrupt_UpSmash = 0x8008c830
                0x000000008008c948                Interrupt_UpSmashLightThrowHi_FromKneebend = 0x8008c948
                0x000000008008ca38                AS_063_UpSmash = 0x8008ca38
                0x000000008008cad4                Interrupt_AS_Wait_CheckIASAflagforEnabledFirst = 0x8008cad4
                0x000000008008cb44                Interrupt_DSmash = 0x8008cb44
                0x000000008008cc5c                AS_064_DSmash = 0x8008cc5c
                0x000000008008cd68                Interrupt_AerialAttack_CheckAndExecute = 0x8008cd68
                0x000000008008cf70                AS_065069_AerialAttacks_Prefunct_AttackDecide = 0x8008cf70
                0x000000008008cfac                AS_065069_AerialAttacks = 0x8008cfac
                0x000000008008d08c                Interrupt_AS_AttackAirN = 0x8008d08c
                0x000000008008d194                Interrupt_AS_AttackAirF = 0x8008d194
                0x000000008008d29c                Interrupt_AS_AttackAirB = 0x8008d29c
                0x000000008008d3a4                Interrupt_AS_AttackAirHi = 0x8008d3a4
                0x000000008008d4ac                Interrupt_AS_AttackAirLw = 0x8008d4ac
                0x000000008008d5fc                Controls_LCancel_Check = 0x8008d5fc
                0x000000008008d7f0                Damage_CheckAttackAngle_f1OutEqualToAttackAngleRadians = 0x8008d7f0
                0x000000008008d8d8                MultiplyF104 = 0x8008d8d8
                0x000000008008d930                Damage_KnockbackAdjust_CCChargingSmashMetal = 0x8008d930
                0x000000008008da4c                Ab_KnockbackHitEffects_ForwardThrow = 0x8008da4c
                0x000000008008db10                AttackElementSomething = 0x8008db10
                0x000000008008dc0c                Damage_Velocity_StoreXYAttack = 0x8008dc0c
                0x000000008008dce0                Damage_DmgHitstunRelated = 0x8008dce0
                0x000000008008e498                Damage_CheckInAerialStateHitLRLast2FramesNoTechWindow = 0x8008e498
                0x000000008008e4f0                Damage_SmashDI_CheckApply = 0x8008e4f0
                0x000000008008e5a4                Damage_DI_Trajectory = 0x8008e5a4
                0x000000008008ec90                Ab_KnockbackHitEffects = 0x8008ec90
                0x000000008008f938                Ab_RelatedToThrows = 0x8008f938
                0x000000008008fd98                AnimationInterrupt_DamageFlyTop = 0x8008fd98
                0x000000008008ff48                Interrupt_AS_DamageFlyTop = 0x8008ff48
                0x00000000800901d0                AnimationInterrupt_DamageFlyRoll = 0x800901d0
                0x0000000080090324                Interrupt_AS_DamageFlyRoll = 0x80090324
                0x0000000080090780                AS_038_DamageFall = 0x80090780
                0x0000000080090828                Interrupt_AS_DamageFall_Tumble = 0x80090828
                0x000000008009093c                FastFall_CheckIfFastFallingandUpdateVelocity_Prefunction3 = 0x8009093c
                0x0000000080090b60                AS_325_DamageIce = 0x80090b60
                0x0000000080091030                AS_325_DamageIce_Again = 0x80091030
                0x0000000080091a2c                Interrupt_Check = 0x80091a2c
                0x00000000800924c0                AS_178_GuardOn = 0x800924c0
                0x0000000080092758                Interrupt_AS_GuardOn = 0x80092758
                0x0000000080092a78                Interrupt_AS_Guard = 0x80092a78
                0x0000000080092bcc                DataOffset_PressingLR_ThisFrame_SetFlag = 0x80092bcc
                0x0000000080092c54                AS_180_GuardOff = 0x80092c54
                0x0000000080092f2c                AS_181_GuardSetOff_CalcShieldStun = 0x80092f2c
                0x0000000080093354                AS_179180_GuardGuardOff_AfterShieldStun = 0x80093354
                0x0000000080093694                Interrupt_GuardReflect = 0x80093694
                0x0000000080093850                AS_182_GuardReflect_YoshiCheck = 0x80093850
                0x000000008009388c                AS_182_GuardReflect = 0x8009388c
                0x0000000080093a50                AS_182_GuardReflectAgain = 0x80093a50
                0x0000000080093cd0                AS_179_Guard = 0x80093cd0
                0x0000000080093ec0                Interrupt_AS_GuardReflect = 0x80093ec0
                0x00000000800942a0                Items_CheckForItems = 0x800942a0
                0x000000008009447c                Items_ApplyInstantItem = 0x8009447c
                0x0000000080094790                Items_Something = 0x80094790
                0x00000000800948a8                Items_GiveItemToPlayer = 0x800948a8
                0x0000000080094a14                Items_PickupCall = 0x80094a14
                0x0000000080094e54                Interrupt_Item_CheckInstantAForThrow = 0x80094e54
                0x0000000080095328                Interrupt_ItemCheckForSomething = 0x80095328
                0x00000000800958fc                Ab_Unknown_ThrowItem_Heavy = 0x800958fc
                0x0000000080095a30                Ab_AS__ItemThrow = 0x80095a30
                0x0000000080095d5c                Ab_AS__ThrowItem_ReleaseItem = 0x80095d5c
                0x0000000080095e80                Item_Unknown_ThowItem = 0x80095e80
                0x0000000080095efc                Ab_AS__ThrowItem = 0x80095efc
                0x0000000080096124                Item_Unknown_ThrowScrewAttack_2 = 0x80096124
                0x00000000800961b0                Ab_ASF__ThrowItem_Air = 0x800961b0
                0x0000000080096228                Item_Unknown_ThrowItem_Ground = 0x80096228
                0x000000008009634c                Ab_ASF__ThrowItemAir = 0x8009634c
                0x0000000080096374                Ab_AS__ThrowItem_AirToGround = 0x80096374
                0x0000000080096470                Ab_AS__ThrowItem_Heavy = 0x80096470
                0x00000000800964fc                Buttons_SideBCheck = 0x800964fc
                0x0000000080096540                Interrupt_SideB_Grounded = 0x80096540
                0x00000000800965dc                Ab_Unknown_Samus_GroundMissile = 0x800965dc
                0x000000008009665c                Interrupt_BbuttonInstantBattacks = 0x8009665c
                0x00000000800968c8                Ab_AS_035_FallSpecialSamusAfterTether = 0x800968c8
                0x0000000080096900                AS_035_FallSpecial = 0x80096900
                0x00000000800969d8                Ab_AS_Unknown = 0x800969d8
                0x0000000080096aa0                Ab_AS_SpecialFall_3 = 0x80096aa0
                0x0000000080096af4                Interrupt_AS_SpecialFall = 0x80096af4
                0x0000000080096b44                Ab_AS_SpecialFall_1 = 0x80096b44
                0x0000000080096c98                Ab_AS_SpecialFall_2 = 0x80096c98
                0x0000000080096cc8                Ab_Unknown_CalledMultipleTimesPerFrame = 0x80096cc8
                0x0000000080096d28                Ab_Unknown_CalledOnLandFromSpecialFall = 0x80096d28
                0x0000000080096d9c                Ab_AS_CarryHeavyObject = 0x80096d9c
                0x0000000080096df8                Ab_AS_CarryHeavyObject_1 = 0x80096df8
                0x0000000080096e48                Ab_AS_CarryHeavyObject_3 = 0x80096e48
                0x0000000080096ed0                Ab_AS_CarryHeavyObject_4 = 0x80096ed0
                0x0000000080096ef8                Ab_uk_CalledOnThrowPartyBall = 0x80096ef8
                0x0000000080096f48                Item_CarryHeavy_Walk = 0x80096f48
                0x0000000080096fd0                Item_ThrowCrate_3 = 0x80096fd0
                0x0000000080097074                Item_ThrowCrate_4 = 0x80097074
                0x0000000080097098                Item_ThrowCrate_1 = 0x80097098
                0x00000000800970b8                Item_ThrowCrate_2 = 0x800970b8
                0x00000000800970e0                Ab_AS_CarryHeavyObject_2 = 0x800970e0
                0x0000000080097130                Ab_AS_CarryHeavyObject_3_Turn = 0x80097130
                0x00000000800971b0                AS_174_LiftWait = 0x800971b0
                0x0000000080097458                Ab_AS_174_LiftWait_3 = 0x80097458
                0x000000008009747c                Ab_AS_174_LiftWait_1 = 0x8009747c
                0x000000008009749c                Ab_AS_174_LiftWait_2 = 0x8009749c
                0x00000000800974c4                Item_DropHeavyOnHit = 0x800974c4
                0x000000008009750c                Ab_KnockbackHitEffects_Grab = 0x8009750c
                0x0000000080097570                Player_IsKnockdownFaceUp = 0x80097570
                0x0000000080097630                Ab_AS__HitWall = 0x80097630
                0x00000000800976a4                Ab_AS_183191_DownBoundUD_NoTech_3 = 0x800976a4
                0x00000000800978d4                Ab_DownBound_ShieldBreak_CannotTech = 0x800978d4
                0x000000008009794c                AS_183191_DownBoundUD_FailtoTech_Again = 0x8009794c
                0x0000000080097af4                AS_183191_DownBoundUD_FailtoTech = 0x80097af4
                0x0000000080097d40                Ab_AS_183191_DownBoundUD_NoTech_1 = 0x80097d40
                0x0000000080097d88                Ab_AnimationInterrupt_DownBoundUD_HitWall = 0x80097d88
                0x0000000080097dc0                AnimationInterrupt_DownBoundUD = 0x80097dc0
                0x0000000080097e20                Ab_AnimationIntterupt_DownBoundUD_1 = 0x80097e20
                0x0000000080097e40                Ab_AnimationInterrupr_DownBoundUD_2 = 0x80097e40
                0x0000000080097e8c                AS_184192_DownWaitUD = 0x80097e8c
                0x0000000080097f38                Ab_AS__DownStand = 0x80097f38
                0x0000000080097fc0                Ab_AS_DownWaitUD_3 = 0x80097fc0
                0x000000008009802c                Interrupt_AS_DownWaitUD = 0x8009802c
                0x000000008009807c                Interrupt_AS_DownWaitUD_1 = 0x8009807c
                0x000000008009809c                Interrupt_AS_DownWaitUD_2 = 0x8009809c
                0x00000000800980bc                Interrupt_DownStandUD = 0x800980bc
                0x0000000080098160                ASF_DownStand_JabReset = 0x80098160
                0x0000000080098194                ASF_DownStand_JabReset_3 = 0x80098194
                0x00000000800981d4                ASF_DownStand_JabReset_1 = 0x800981d4
                0x00000000800981f4                ASF_DownStand_JabReset_2 = 0x800981f4
                0x0000000080098214                Interrupt_DownBackForwardUD = 0x80098214
                0x0000000080098324                AS__DownRollRight = 0x80098324
                0x0000000080098380                AS__DownRollRight_3 = 0x80098380
                0x00000000800983c0                AS__DownRollRight_1 = 0x800983c0
                0x00000000800983e0                AS__DownRollRight_2 = 0x800983e0
                0x0000000080098400                Interrupt_DownAttackUD_FromDownBound = 0x80098400
                0x00000000800984d4                Interrupt_DownAttackUD_FromDownBoundWait = 0x800984d4
                0x000000008009856c                AS_187195_DownAttackUD_GetupAttack = 0x8009856c
                0x00000000800985b4                Ab_AS_187195_DownAttackUD_GetupAttack_1 = 0x800985b4
                0x00000000800985f4                Ab_AS_187195_DownAttackUD_GetupAttack_2 = 0x800985f4
                0x0000000080098614                Ab_AS_187195_DownAttackUD_GetupAttack_3 = 0x80098614
                0x0000000080098634                Ab_AS_ShootLaser = 0x80098634
                0x00000000800986b0                Tech_LRCheckFrameWindowCheck = 0x800986b0
                0x000000008009872c                Interrupt_NeutralTech = 0x8009872c
                0x00000000800987d0                AS_199_Passive_NeutralTech = 0x800987d0
                0x0000000080098928                Interrupt_TechRollFB = 0x80098928
                0x00000000800989d4                AS_200201_PassiveStandFB_TechRollFB = 0x800989d4
                0x0000000080098b20                AS_205_ShieldBreakFly = 0x80098b20
                0x0000000080098c14                Ab_AS_205_ShieldBreakFly_1 = 0x80098c14
                0x0000000080098c54                ac_AS_205_ShieldBreakFly_2 = 0x80098c54
                0x0000000080098c74                ac_AS_205_ShieldBreakFly_3 = 0x80098c74
                0x0000000080098d90                ac_AS_205_ShieldBreakFly__NoGroundHit = 0x80098d90
                0x0000000080098df4                ac_AS_205_ShieldBreakFly_NGH_1 = 0x80098df4
                0x0000000080098e14                ac_AS_205_ShieldBreakFly_NGH_2 = 0x80098e14
                0x0000000080098e3c                AS_207208_ShieldBreakDownUD = 0x80098e3c
                0x0000000080098ebc                ac_AS_207208_ShieldBreakDown_1 = 0x80098ebc
                0x0000000080098efc                ac_AS_207208_ShieldBreakDown_2 = 0x80098efc
                0x0000000080098f1c                ac_AS_207208_ShieldBreakDown_3 = 0x80098f1c
                0x0000000080098f3c                Ab_AS_209_ShieldBreakStand = 0x80098f3c
                0x0000000080098f90                Ab_AS_209_ShieldBreakStand_1 = 0x80098f90
                0x0000000080098fd0                Ab_AS_209_ShieldBreakStand_2 = 0x80098fd0
                0x0000000080098ff0                Ab_AS_209_ShieldBreakStand_3 = 0x80098ff0
                0x0000000080099010                AS_211_ShieldBreak = 0x80099010
                0x00000000800990b8                Ab_AS_211_ShieldBreak_1 = 0x800990b8
                0x000000008009913c                Ab_AS_211_ShieldBreak_2 = 0x8009913c
                0x000000008009915c                Ab_AS_211_ShieldBreak_3 = 0x8009915c
                0x000000008009917c                Interrupt_Roll = 0x8009917c
                0x0000000080099264                Interrupt_Roll_OnlyCheckForLR = 0x80099264
                0x00000000800992a8                AS_233234_RollPlayerCheck = 0x800992a8
                0x0000000080099314                AS_233234_RollExecute = 0x80099314
                0x0000000080099390                AS_233234_RollSamus = 0x80099390
                0x0000000080099438                AS_233234_RollYoshi = 0x80099438
                0x00000000800994d8                Ab_AS_233234_Roll_3 = 0x800994d8
                0x0000000080099644                Ab_AS_YoshiRoll_LeaveEggAndUpdatePos = 0x80099644
                0x00000000800996f0                Ab_AS_233234_Roll_4 = 0x800996f0
                0x0000000080099714                Ab_AS_233234_Roll_1 = 0x80099714
                0x0000000080099734                Ab_AS_233234_Roll_2 = 0x80099734
                0x0000000080099794                Interrupt_SpotDodgeWithShieldHeldCheck = 0x80099794
                0x000000008009980c                Interrupt_SpotDodge = 0x8009980c
                0x0000000080099894                AS_235_SpotDodge_YoshiCheck = 0x80099894
                0x00000000800998ec                AS_235_SpotDodge = 0x800998ec
                0x0000000080099954                AS_235_SpotDodgeYoshi = 0x80099954
                0x00000000800999d8                ac_AS_235_SpotDodge_3 = 0x800999d8
                0x0000000080099a18                Ab_AS_235_SpotDodge_1 = 0x80099a18
                0x0000000080099a38                ac_AS_235_SpotDodge_2 = 0x80099a38
                0x0000000080099a58                Interrupt_EscapeAir_Airdodge = 0x80099a58
                0x0000000080099a9c                AS_236_EscapeAir = 0x80099a9c
                0x0000000080099bd0                Ab_AS_236_EscapeAir_3 = 0x80099bd0
                0x0000000080099c24                Interrupt_AS_EscapeAir_Airdodge = 0x80099c24
                0x0000000080099cec                Ab_AS_236_EscapeAir_1 = 0x80099cec
                0x0000000080099d48                Ab_AS_236_EscapeAir_2 = 0x80099d48
                0x0000000080099d70                Ab_AS_236_EscapeAir_OnHitGround = 0x80099d70
                0x0000000080099d9c                Ab_AS__ClankRecoil = 0x80099d9c
                0x0000000080099e24                Ab_AS__ClankRecoil_1 = 0x80099e24
                0x0000000080099e44                Ab_AS__ClankRecoil_2 = 0x80099e44
                0x0000000080099e80                Ab_AS__ClankRecoil_3 = 0x80099e80
                0x0000000080099ec0                Ab_AS__ClankRecoil_4 = 0x80099ec0
                0x0000000080099efc                Ab_AS__ClankRecoil_5 = 0x80099efc
                0x0000000080099f1c                Ab_Interrupt_CheckForLegitimateReflectorPlatformDrop = 0x80099f1c
                0x0000000080099f9c                Ab_Interrupt_DropOffPlatform = 0x80099f9c
                0x000000008009a080                Interrupt_Pass = 0x8009a080
                0x000000008009a134                Ab_Interrupt_Firefoxbird_PassThroughDownwardsCheck = 0x8009a134
                0x000000008009a184                Ab_Interrupt_ReflectorPlatformDrop = 0x8009a184
                0x000000008009a228                AS_244_Pass = 0x8009a228
                0x000000008009a2a8                Ab_AS_244_Pass_1 = 0x8009a2a8
                0x000000008009a2e4                Interrupt_AS_Pass = 0x8009a2e4
                0x000000008009a388                Fastfall_CheckIfFastFallingandUpdateVelocity_Prefunction = 0x8009a388
                0x000000008009a3a8                Ab_AS_244_Pass_3 = 0x8009a3a8
                0x000000008009a3c8                Interrupt_LedgeTeeter = 0x8009a3c8
                0x000000008009a410                AS_245_OttoOtto_LedgeTeeter = 0x8009a410
                0x000000008009a468                Ab_ASF_245_OttoOtto_1 = 0x8009a468
                0x000000008009a4a4                Ab_ASF_245_OttoOtto_2 = 0x8009a4a4
                0x000000008009a5f8                Ab_ASF_245_OttoOtto_3 = 0x8009a5f8
                0x000000008009a6b8                AS_246_OttottoWait = 0x8009a6b8
                0x000000008009a72c                Ab_ASF_246_OttoOttoWait_1 = 0x8009a72c
                0x000000008009a750                Ab_ASF_246_OttoOttoWait_2 = 0x8009a750
                0x000000008009a804                AS_253_CliffWait = 0x8009a804
                0x000000008009a8fc                Interrupt_AS_CliffWait = 0x8009a8fc
                0x000000008009ab9c                AS_254155_CliffClimb = 0x8009ab9c
                0x000000008009afd4                Interrupt_CliffEscape_FromAS_CliffWait = 0x8009afd4
                0x000000008009b040                AS_258259_CliffEscapeSlowQuick = 0x8009b040
                0x000000008009b170                Interrupt_CliffJump = 0x8009b170
                0x000000008009b1b8                AS_260262_CliffJumpSlow1CliffJumpQuick1 = 0x8009b1b8
                0x000000008009b5c0                ch_DK_ThrowFWait1_AnimationInterrupt = 0x8009b5c0
                0x000000008009b5c4                ch_DK_ThrowFWait1_IASA = 0x8009b5c4
                0x000000008009b634                ch_DK_ThrowFWait1_ActionPhys = 0x8009b634
                0x000000008009b654                ch_DK_ThrowFWait1_CollisionInterrupt = 0x8009b654
                0x000000008009b744                ch_DK_ThrowFWalkSlow_AnimationInterrupt = 0x8009b744
                0x000000008009b764                ch_DK_ThrowFWalkSlow_IASA = 0x8009b764
                0x000000008009b7d8                ch_DK_ThrowFWalkSlow_ActionPhys = 0x8009b7d8
                0x000000008009b7f8                ch_DK_ThrowFWalkSlow_CollisionInterrupt = 0x8009b7f8
                0x000000008009b8b4                ch_DK_ThrowFTurn_AnimationInterrupt = 0x8009b8b4
                0x000000008009b948                ch_DK_ThrowFTurn_IASA = 0x8009b948
                0x000000008009b988                ch_DK_ThrowFTurn_ActionPhys = 0x8009b988
                0x000000008009b9a8                ch_DK_ThrowFTurn_CollisionInterrupt = 0x8009b9a8
                0x000000008009ba50                ch_DK_ThrowFWait2_AnimationInterrupt = 0x8009ba50
                0x000000008009baa0                ch_DK_ThrowFWait2_IASA = 0x8009baa0
                0x000000008009badc                ch_DK_ThrowFWait2_ActionPhys = 0x8009badc
                0x000000008009bafc                ch_DK_ThrowFWait2_CollisionInterrupt = 0x8009bafc
                0x000000008009bbf0                ch_DK_ThrowFWait4_AnimationInterrupt = 0x8009bbf0
                0x000000008009bbf4                ch_DK_ThrowFWait4_IASA = 0x8009bbf4
                0x000000008009bc18                ch_DK_ThrowFWait4_AcitonPhys = 0x8009bc18
                0x000000008009bc38                ch_DK_ThrowFWait4_CollisionInterrupt = 0x8009bc38
                0x000000008009bcdc                ch_DK_ThrowFWait3_AnimationInterrupt = 0x8009bcdc
                0x000000008009bce0                ch_DK_ThrowFWait3_IASA = 0x8009bce0
                0x000000008009bd04                ch_DK_ThrowFWait3_ActionPhys = 0x8009bd04
                0x000000008009bd24                ch_DK_ThrowFWait3_CollisionInterrupt = 0x8009bd24
                0x000000008009bdc4                ch_DK_ThrowFWait5_AnimationInterrupt = 0x8009bdc4
                0x000000008009be14                ch_DK_ThrowFWait5_ActionPhys = 0x8009be14
                0x000000008009be34                ch_DK_ThrowFWait5_CollisionInterrupt = 0x8009be34
                0x000000008009be54                ch_DK_ThrowFWait6_AnimationInterrupt = 0x8009be54
                0x000000008009beb8                ch_DK_ThrowFWait6_ActionPhys = 0x8009beb8
                0x000000008009bed8                ch_DK_ThrowFWait6_CollisionInterrupt = 0x8009bed8
                0x000000008009c0ec                ch_DK_ThrowFF1_AnimationInterrupt = 0x8009c0ec
                0x000000008009c130                ch_DK_ThrowFF1_IASA = 0x8009c130
                0x000000008009c150                ch_DK_ThrowFF1_ActionPhys = 0x8009c150
                0x000000008009c20c                ch_DK_ThrowFF_CollisionInterrupt = 0x8009c20c
                0x000000008009c234                ch_DK_ThrowFB_AnimationInterrupt = 0x8009c234
                0x000000008009c254                ch_DK_ThrowFB_IASA = 0x8009c254
                0x000000008009c274                ch_DK_ThrowFB_ActionPhys = 0x8009c274
                0x000000008009c294                ch_DK_ThrowFB_CollisionInterrupt = 0x8009c294
                0x000000008009c2bc                ch_DK_ThrowFHi_AnimationInterrupt = 0x8009c2bc
                0x000000008009c2dc                ch_DK_ThrowFHi_IASA = 0x8009c2dc
                0x000000008009c2fc                ch_DK_ThrowFHi_ActionPhys = 0x8009c2fc
                0x000000008009c31c                ch_DK_ThrowFHi_CollisionInterrupt = 0x8009c31c
                0x000000008009c344                ch_DK_ThrowFLw_AnimationInterrupt = 0x8009c344
                0x000000008009c364                ch_DK_ThrowFLw_IASA = 0x8009c364
                0x000000008009c384                ch_DK_ThrowFLw_ActionPhys = 0x8009c384
                0x000000008009c3a4                ch_DK_ThrowFLw_CollisionInterrupt = 0x8009c3a4
                0x000000008009c3cc                ch_DK_ThrowFAll_AnimationInterrupt = 0x8009c3cc
                0x000000008009c410                ch_DK_ThrowFAll_IASA = 0x8009c410
                0x000000008009c414                ch_DK_ThrowFAll_ActionPhys = 0x8009c414
                0x000000008009c434                ch_DK_ThrowFAll_CollisionInterrupt = 0x8009c434
                0x000000008009eda4                Interrupt_StopWall = 0x8009eda4
                0x000000008009ee30                AS_249_StopWall = 0x8009ee30
                0x000000008009ef68                Interrupt_StopCeil = 0x8009ef68
                0x000000008009efa4                AS_250_StopCeil = 0x8009efa4
                0x000000008009f0f0                Ab_KnockbackHitEffects_Knockback = 0x8009f0f0
                0x000000008009f184                DamageLaying_CheckLayingUpOrDown = 0x8009f184
                0x000000008009f1e0                DamageLaying_JabReset = 0x8009f1e0
                0x000000008009f39c                AS_251_MissFoot = 0x8009f39c
                0x000000008009f54c                Ab_GFX_Unknown_2 = 0x8009f54c
                0x000000008009f578                Ab_GFX_Unknown_3 = 0x8009f578
                0x000000008009f5ac                Ab_GFX_Unknown_4 = 0x8009f5ac
                0x000000008009f75c                Ab_GFX_Unknown = 0x8009f75c
                0x000000008009f7f8                Ab_GFX_Unknown_6 = 0x8009f7f8
                0x000000008009f834                GFX_Effect_Spawn = 0x8009f834
                0x00000000800a101c                CPU_InitializationOrSomething = 0x800a101c
                0x00000000800a17e4                CPU_JoystickXAxis_Convert = 0x800a17e4
                0x00000000800a1874                CPU_JoystickYAxis_Convert = 0x800a1874
                0x00000000800a1904                CPU_LAnalog_Convert = 0x800a1904
                0x00000000800a1948                CPU_RAnalog_Convert = 0x800a1948
                0x00000000800a198c                CPU_DigitalButtonsPressed_Load = 0x800a198c
                0x00000000800a1994                CPU_CStick_XAxisConvert = 0x800a1994
                0x00000000800a1a24                CPU_CStick_YAxisConvert = 0x800a1a24
                0x00000000800a2040                Player_IsCPU = 0x800a2040
                0x00000000800b0918                CPUType_Nana_ButtonInputs_More = 0x800b0918
                0x00000000800b101c                CPUType_Nana_Stuff = 0x800b101c
                0x00000000800b2afc                CPUType_AllTypeLogic = 0x800b2afc
                0x00000000800b3900                CPU_LogicStart_ = 0x800b3900
                0x00000000800be7e0                VictoryPose_Decide = 0x800be7e0
                0x00000000800becb0                AS_000_VictoryPoseB = 0x800becb0
                0x00000000800bed88                AS_002_VictoryPoseY = 0x800bed88
                0x00000000800bef04                AS_005_VictoryWinPoseX = 0x800bef04
                0x00000000800bf6bc                ColorData_HandleStuff = 0x800bf6bc
                0x00000000800bfd04                AS_011_SleepNanaZeldaSheik = 0x800bfd04
                0x00000000800bfd9c                AS_011_Sleep = 0x800bfd9c
                0x00000000800bfe74                SubactionEvent_0x28_GFXSpawn_Prefunction = 0x800bfe74
                0x00000000800bffd0                GFXColorOverlay_Apply = 0x800bffd0
                0x00000000800c0134                wP_CalledOnAnyInput = 0x800c0134
                0x00000000800c0200                ColorOverlay_Remove = 0x800c0200
                0x00000000800c0408                Ab_KnockbackHitEffects_Unknown4 = 0x800c0408
                0x00000000800c0658                DataOffset_ColorDataChoose = 0x800c0658
                0x00000000800c0674                DataOffset_ColorDataChoose_EntityInput = 0x800c0674
                0x00000000800c0694                DataOffset_ColorData_0x28_Load = 0x800c0694
                0x00000000800c06b4                SYS_AnimatedModelExplodableGetWorldMatrix = 0x800c06b4
                0x00000000800c0d0c                AS_294_Bury = 0x800c0d0c
                0x00000000800c124c                AS_295_BuryWait = 0x800c124c
                0x00000000800c13bc                AS_296_BuryJump = 0x800c13bc
                0x00000000800c1d38                Interrupt_EdgeWalljumpTeching = 0x800c1d38
                0x00000000800c1e64                AS_203_PassiveWalljump_Walljump = 0x800c1e64
                0x00000000800c2028                AS_203_PassiveWalljump_Tech = 0x800c2028
                0x00000000800c2180                Interrupt_AS_PassiveWallJump = 0x800c2180
                0x00000000800c23a0                Interrupt_CeilingTech = 0x800c23a0
                0x00000000800c23fc                AS_204_PassiveCeil_CeilingTech = 0x800c23fc
                0x00000000800c2600                SwordTrail_Draw = 0x800c2600
                0x00000000800c2fd8                SwordTrail_placeKeyframeFromBone = 0x800c2fd8
                0x00000000800c318c                AS_129_DamageSong = 0x800c318c
                0x00000000800c3390                AS_298_DamageSongWait = 0x800c3390
                0x00000000800c3480                AS_299_DamageSongRv = 0x800c3480
                0x00000000800c3b10                Controls_LinkYLinkSamus_GrappleAerial_CheckZ = 0x800c3b10
                0x00000000800c3be8                AS_LinkYLinkSamus_GrappleAerial = 0x800c3be8
                0x00000000800c3d6c                AS_Zair_GenerateZair = 0x800c3d6c
                0x00000000800c44cc                Damage_ElementDisableCheck = 0x800c44cc
                0x00000000800c4550                AS_300_DamageBindDisable = 0x800c4550
                0x00000000800c5240                Items_CheckForHammerItem = 0x800c5240
                0x00000000800c555c                Item_Hammer_SpecialFunc = 0x800c555c
                0x00000000800c5a98                AS_312_HammerJump = 0x800c5a98
                0x00000000800c5b88                AS_310_HammerKneeBend = 0x800c5b88
                0x00000000800c5d34                AS_311_HammerFall = 0x800c5d34
                0x00000000800c5f88                AS_313_HammerLanding = 0x800c5f88
                0x00000000800c6150                AS_012_RebirthAgain = 0x800c6150
                0x00000000800c61b0                AS_322_Entry = 0x800c61b0
                0x00000000800c6408                AS_323_EntryStart = 0x800c6408
                0x00000000800c6b6c                AS_324_EntryEnd = 0x800c6b6c
                0x00000000800c74cc                ch_GBowser_RunBrake_ActionPhys = 0x800c74cc
                0x00000000800c8008                Fastfall_CheckIfFastFallingAndUpdateVelocity_Prefunction2 = 0x800c8008
                0x00000000800c8348                Item_Metal_Apply = 0x800c8348
                0x00000000800c8540                Item_Metal_Remove = 0x800c8540
                0x00000000800c88d4                Item_CloakDevice_Apply = 0x800c88d4
                0x00000000800c8a64                Item_CloakDevice_Remove = 0x800c8a64
                0x00000000800c8c84                StaminaMode_CheckFor0HP_LayDead = 0x800c8c84
                0x00000000800c8d00                Ab_KnockbackHitEffects_Unknown3zz_00c8d00_ = 0x800c8d00
                0x00000000800c8e74                StaminaMode_CharacterToZeroPerc = 0x800c8e74
                0x00000000800c8fc4                MetalRed_CheckOnDeathMatchStart = 0x800c8fc4
                0x00000000800c9614                Interrupt_AS_WalkSlowMiddle = 0x800c9614
                0x00000000800c97dc                Interrupt_Turn = 0x800c97dc
                0x00000000800c98ac                AS_018_TurnAgain = 0x800c98ac
                0x00000000800c9c74                AS_018_Turn = 0x800c9c74
                0x00000000800c9cec                Interrupt_TurnRun_KeepSameFrame = 0x800c9cec
                0x00000000800c9d40                Interrupt_TurnRun = 0x800c9d40
                0x00000000800c9d94                AS_019_TurnRun = 0x800c9d94
                0x00000000800c9ed8                Interrupt_AS_TurnRun = 0x800c9ed8
                0x00000000800ca094                Interrupt_TurnOrDash = 0x800ca094
                0x00000000800ca120                AS_020_Dash = 0x800ca120
                0x00000000800ca230                Interrupt_AS_Dash = 0x800ca230
                0x00000000800ca5f0                Interrupt_Run_fromDash = 0x800ca5f0
                0x00000000800ca644                Interrupt_Run_Again = 0x800ca644
                0x00000000800ca6f4                AS_021_Run_Initialize = 0x800ca6f4
                0x00000000800ca71c                AS_021_Run = 0x800ca71c
                0x00000000800ca830                Interrupt_AS_Run = 0x800ca830
                0x00000000800cac18                AS_023_RunBrake = 0x800cac18
                0x00000000800cae80                Interrupt_JumpCheckInputOnly = 0x800cae80
                0x00000000800caed0                Interrupt_Jump_Grounded = 0x800caed0
                0x00000000800caf78                Interrupt_AS_TurnRunActualChecks = 0x800caf78
                0x00000000800cb024                Interrupt_GroundJumpFromShield = 0x800cb024
                0x00000000800cb110                AS_Jump_Grounded_ShortHopOrFullHop_CheckApply = 0x800cb110
                0x00000000800cb250                AS_025026_JumpFB = 0x800cb250
                0x00000000800cb334                Interrupt_AS_JumpF = 0x800cb334
                0x00000000800cb4e0                AS_024_Kneebend = 0x800cb4e0
                0x00000000800cb5fc                Interrupt_AS_Kneebend = 0x800cb5fc
                0x00000000800cb870                Interrupt_AerialJumpGoTo = 0x800cb870
                0x00000000800cb950                Interrupt_AerialJump = 0x800cb950
                0x00000000800cbbc0                AS_027028_AerialJump = 0x800cbbc0
                0x00000000800cbd18                AS_027028_AerialJump_Ness = 0x800cbd18
                0x00000000800cbe98                AS_027_AerialJumpF_Yoshi = 0x800cbe98
                0x00000000800cc0e8                AS_027028_AerialJump_Peach = 0x800cc0e8
                0x00000000800cc238                AS_027028_AerialJump_Mewtwo = 0x800cc238
                0x00000000800cc4f8                AS_DoubleJumpAnim = 0x800cc4f8
                0x00000000800cc730                AS_029_Fall = 0x800cc730
                0x00000000800ccaac                Interrupt_AS_Fall = 0x800ccaac
                0x00000000800ccd34                Interrupt_AS_Fall_Prefunction = 0x800ccd34
                0x00000000800ccd58                AS_Fastfall_CheckIfFastFallingAndUpdateVelocity_Prefunction = 0x800ccd58
                0x00000000800ccda8                AS_32_FallAerial = 0x800ccda8
                0x00000000800cce50                Interrupt_AS_Fall_Prefunction2 = 0x800cce50
                0x00000000800cce74                AS_Fastfall_CheckIfFastFallingAndUpdateVelocity_Prefunction2 = 0x800cce74
                0x00000000800ccf58                AS_ItemAttackActionStateDecide = 0x800ccf58
                0x00000000800cd140                AS_BeamSwordDashAttackMore = 0x800cd140
                0x00000000800cd390                ch_CFalcon_Swing421_AnimationInterrupt = 0x800cd390
                0x00000000800cd3b0                ch_CFalcon_Swing421_IASA = 0x800cd3b0
                0x00000000800cd3d0                ch_CFalcon_Swing421_ActionPhys = 0x800cd3d0
                0x00000000800cd3f0                ch_CFalcon_Swing421_CollisionInterrupt = 0x800cd3f0
                0x00000000800cd458                ch_CFalcon_Swing422_AnimationInterrupt = 0x800cd458
                0x00000000800cd478                ch_CFalcon_Swing422_IASA = 0x800cd478
                0x00000000800cd498                ch_CFalcon_Swing422_ActionPhys = 0x800cd498
                0x00000000800cd4b8                ch_CFalcon_Swing422_CollisionInterrupt = 0x800cd4b8
                0x00000000800cd520                ch_CFalcon_Swing423_AnimationInterrupt = 0x800cd520
                0x00000000800cd540                ch_CFalcon_Swing423_IASA = 0x800cd540
                0x00000000800cd560                ch_CFalcon_Swing423_ActionPhys = 0x800cd560
                0x00000000800cd580                ch_CFalcon_Swing423_CollisionInterrupt = 0x800cd580
                0x00000000800cd6a0                ch_CFalcon_Swing424_AnimationInterrupt = 0x800cd6a0
                0x00000000800cd7c4                ch_CFalcon_Swing424_IASA = 0x800cd7c4
                0x00000000800cd7e4                ch_CFalcon_Swing424_ActionPhys = 0x800cd7e4
                0x00000000800cd804                ch_CFalcon_Swing424_CollisionInterrupt = 0x800cd804
                0x00000000800cd88c                ch_CFalcon_Swing425_AnimationInterrupt = 0x800cd88c
                0x00000000800cd8ac                ch_CFalcon_Swing425_IASA = 0x800cd8ac
                0x00000000800cd8cc                ch_CFalcon_Swing425_ActionPhys = 0x800cd8cc
                0x00000000800cd8ec                ch_CFalcon_Swing425_CollisionInterrupt = 0x800cd8ec
                0x00000000800cdb14                ch_CFalcon_Swing426_AnimationInterrupt = 0x800cdb14
                0x00000000800cdb34                ch_CFalcon_Swing426_IASA = 0x800cdb34
                0x00000000800cdb54                ch_CFalcon_Swing426_ActionPhys = 0x800cdb54
                0x00000000800cdb74                ch_CFalcon_Swing426_CollisionInterrupt = 0x800cdb74
                0x00000000800cef08                AS_144_ParasolOpen = 0x800cef08
[...]
                0x00000000004313c0                data7_offset = 0x4313c0

.header         0x0000000080003000       0xe4 load address 0x0000000000000000
                0x0000000080003000        0x4 LONG 0x100 text0_offset
                0x0000000080003004        0x4 LONG 0x2520 text1_offset
                0x0000000080003008        0x4 LONG 0x4385e0 text2_offset
                0x000000008000300c        0x4 LONG 0x438ac8 hooks_offset
                0x0000000080003010        0x4 LONG 0x438d0c ctors_offset
                0x0000000080003014        0x4 LONG 0x0
                0x0000000080003018        0x4 LONG 0x0
                0x000000008000301c        0x4 LONG 0x3b3e20 data0_offset
                0x0000000080003020        0x4 LONG 0x3b3fc0 data1_offset
                0x0000000080003024        0x4 LONG 0x3b4240 data2_offset
                0x0000000080003028        0x4 LONG 0x3b4260 data3_offset
                0x000000008000302c        0x4 LONG 0x3b4280 data4_offset
                0x0000000080003030        0x4 LONG 0x3b6840 data5_offset
                0x0000000080003034        0x4 LONG 0x42e6c0 data6_offset
                0x0000000080003038        0x4 LONG 0x4313c0 data7_offset
                0x000000008000303c        0x4 LONG 0x438ad8 data8_offset
                0x0000000080003040        0x4 LONG 0x0
                0x0000000080003044        0x4 LONG 0x0
                0x0000000080003048        0x4 LONG 0x80003100 text0_base
                0x000000008000304c        0x4 LONG 0x80005940 text1_base
                0x0000000080003050        0x4 LONG 0x804dec00 text2_base
                0x0000000080003054        0x4 LONG 0x804df100 hooks_base
                0x0000000080003058        0x4 LONG 0x804df360 ctors_base
                0x000000008000305c        0x4 LONG 0x0
                0x0000000080003060        0x4 LONG 0x0
                0x0000000080003064        0x4 LONG 0x80005520 data0_base
                0x0000000080003068        0x4 LONG 0x800056c0 data1_base
                0x000000008000306c        0x4 LONG 0x803b7240 data2_base
                0x0000000080003070        0x4 LONG 0x803b7260 data3_base
                0x0000000080003074        0x4 LONG 0x803b7280 data4_base
                0x0000000080003078        0x4 LONG 0x803b9840 data5_base
                0x000000008000307c        0x4 LONG 0x804d36a0 data6_base
                0x0000000080003080        0x4 LONG 0x804d79e0 data7_base
                0x0000000080003084        0x4 LONG 0x804df120 data8_base
                0x0000000080003088        0x4 LONG 0x0
                0x000000008000308c        0x4 LONG 0x0
                0x0000000080003090        0x4 LONG 0x2420 SIZEOF (.text0)
                0x0000000080003094        0x4 LONG 0x3b1900 SIZEOF (.text1)
                0x0000000080003098        0x4 LONG 0x4e8 SIZEOF (.text2)
                0x000000008000309c        0x4 LONG 0x10 SIZEOF (.hooks)
                0x00000000800030a0        0x4 LONG 0x0 SIZEOF (.ctors)
                0x00000000800030a4        0x4 LONG 0x0
                0x00000000800030a8        0x4 LONG 0x0
                0x00000000800030ac        0x4 LONG 0x1a0 SIZEOF (.data0)
                0x00000000800030b0        0x4 LONG 0x280 SIZEOF (.data1)
                0x00000000800030b4        0x4 LONG 0x20 SIZEOF (.data2)
                0x00000000800030b8        0x4 LONG 0x20 SIZEOF (.data3)
                0x00000000800030bc        0x4 LONG 0x25c0 SIZEOF (.data4)
                0x00000000800030c0        0x4 LONG 0x77e80 SIZEOF (.data5)
                0x00000000800030c4        0x4 LONG 0x2d00 SIZEOF (.data6)
                0x00000000800030c8        0x4 LONG 0x7220 SIZEOF (.data7)
                0x00000000800030cc        0x4 LONG 0x234 SIZEOF (.data8)
                0x00000000800030d0        0x4 LONG 0x0
                0x00000000800030d4        0x4 LONG 0x0
                0x00000000800030d8        0x4 LONG 0x804df360 bss_base
                0x00000000800030dc        0x4 LONG 0x0 SIZEOF (.bss)
                0x00000000800030e0        0x4 LONG 0x8000522c ABSOLUTE (__start)

.text0          0x0000000080003100     0x2420 load address 0x0000000000000100
 obj/sections/text0.o()
 .text          0x0000000080003100        0x0 obj/sections/text0.o
 .data          0x0000000080003100        0x0 obj/sections/text0.o
 .bss           0x0000000080003100        0x0 obj/sections/text0.o
 .origtext0     0x0000000080003100     0x2420 obj/sections/text0.o

.data0          0x0000000080005520      0x1a0 load address 0x00000000003b3e20
 obj/sections/data0.o()
 .text          0x0000000080005520        0x0 obj/sections/data0.o
 .data          0x0000000080005520        0x0 obj/sections/data0.o
 .bss           0x0000000080005520        0x0 obj/sections/data0.o
 .origdata0     0x0000000080005520      0x1a0 obj/sections/data0.o

.data1          0x00000000800056c0      0x280 load address 0x00000000003b3fc0
 obj/sections/data1.o()
 .text          0x00000000800056c0        0x0 obj/sections/data1.o
 .data          0x00000000800056c0        0x0 obj/sections/data1.o
 .bss           0x00000000800056c0        0x0 obj/sections/data1.o
 .origdata1     0x00000000800056c0      0x280 obj/sections/data1.o

.text1          0x0000000080005940   0x3b1900 load address 0x0000000000002520
 obj/sections/text1.o()
 .text          0x0000000080005940        0x0 obj/sections/text1.o
 .data          0x0000000080005940        0x0 obj/sections/text1.o
 .bss           0x0000000080005940        0x0 obj/sections/text1.o
 .origtext1     0x0000000080005940   0x3b1900 obj/sections/text1.o

.data2          0x00000000803b7240       0x20 load address 0x00000000003b4240
 obj/sections/data2.o()
 .text          0x00000000803b7240        0x0 obj/sections/data2.o
 .data          0x00000000803b7240        0x0 obj/sections/data2.o
 .bss           0x00000000803b7240        0x0 obj/sections/data2.o
 .origdata2     0x00000000803b7240       0x20 obj/sections/data2.o

.data3          0x00000000803b7260       0x20 load address 0x00000000003b4260
 obj/sections/data3.o()
 .text          0x00000000803b7260        0x0 obj/sections/data3.o
 .data          0x00000000803b7260        0x0 obj/sections/data3.o
 .bss           0x00000000803b7260        0x0 obj/sections/data3.o
 .origdata3     0x00000000803b7260       0x20 obj/sections/data3.o

.data4          0x00000000803b7280     0x25c0 load address 0x00000000003b4280
 obj/sections/data4.o()
 .text          0x00000000803b7280        0x0 obj/sections/data4.o
 .data          0x00000000803b7280        0x0 obj/sections/data4.o
 .bss           0x00000000803b7280        0x0 obj/sections/data4.o
 .origdata4     0x00000000803b7280     0x25c0 obj/sections/data4.o

.data5          0x00000000803b9840    0x77e80 load address 0x00000000003b6840
 obj/sections/data5.o()
 .text          0x00000000803b9840        0x0 obj/sections/data5.o
 .data          0x00000000803b9840        0x0 obj/sections/data5.o
 .bss           0x00000000803b9840        0x0 obj/sections/data5.o
 .origdata5     0x00000000803b9840    0x77e80 obj/sections/data5.o

.data6          0x00000000804d36a0     0x2d00 load address 0x000000000042e6c0
 obj/sections/data6.o()
 .text          0x00000000804d36a0        0x0 obj/sections/data6.o
 .data          0x00000000804d36a0        0x0 obj/sections/data6.o
 .bss           0x00000000804d36a0        0x0 obj/sections/data6.o
 .origdata6     0x00000000804d36a0     0x2d00 obj/sections/data6.o

.data7          0x00000000804d79e0     0x7220 load address 0x00000000004313c0
 obj/sections/data7.o()
 .text          0x00000000804d79e0        0x0 obj/sections/data7.o
 .data          0x00000000804d79e0        0x0 obj/sections/data7.o
 .bss           0x00000000804d79e0        0x0 obj/sections/data7.o
 .origdata7     0x00000000804d79e0     0x7220 obj/sections/data7.o
                0x00000000804dec00                text2_base = (data7_base + SIZEOF (.data7))
                0x00000000804dec00                text2_base = ((text2_base + 0x1f) & 0xffffffffffffffe0)
                0x00000000004385e0                text2_offset = (data7_offset + SIZEOF (.data7))

.text2          0x00000000804dec00      0x4e8 load address 0x00000000004385e0
 *(.load* .text*)
 .text          0x00000000804dec00        0x0 obj/src/libcxx/alloc.o
 .text._Znwj    0x00000000804dec00        0x4 obj/src/libcxx/alloc.o
                0x00000000804dec00                _Znwj
 .text._ZdlPv   0x00000000804dec04        0x4 obj/src/libcxx/alloc.o
                0x00000000804dec04                _ZdlPv
 .text          0x00000000804dec08        0x0 obj/src/libcxx/exception.o
 .text._ZSt21__throw_bad_exceptionv
                0x00000000804dec08       0x28 obj/src/libcxx/exception.o
                0x00000000804dec08                _ZSt21__throw_bad_exceptionv
 .text._ZSt17__throw_bad_allocv
                0x00000000804dec30       0x28 obj/src/libcxx/exception.o
                0x00000000804dec30                _ZSt17__throw_bad_allocv
 .text._ZSt28__throw_bad_array_new_lengthv
                0x00000000804dec58       0x28 obj/src/libcxx/exception.o
                0x00000000804dec58                _ZSt28__throw_bad_array_new_lengthv
 .text._ZSt16__throw_bad_castv
                0x00000000804dec80       0x28 obj/src/libcxx/exception.o
                0x00000000804dec80                _ZSt16__throw_bad_castv
 .text._ZSt18__throw_bad_typeidv
                0x00000000804deca8       0x28 obj/src/libcxx/exception.o
                0x00000000804deca8                _ZSt18__throw_bad_typeidv
 .text._ZSt25__throw_bad_function_callv
                0x00000000804decd0       0x28 obj/src/libcxx/exception.o
                0x00000000804decd0                _ZSt25__throw_bad_function_callv
 .text._ZSt19__throw_logic_errorPKc
                0x00000000804decf8       0x28 obj/src/libcxx/exception.o
                0x00000000804decf8                _ZSt19__throw_logic_errorPKc
 .text._ZSt20__throw_domain_errorPKc
                0x00000000804ded20       0x28 obj/src/libcxx/exception.o
                0x00000000804ded20                _ZSt20__throw_domain_errorPKc
 .text._ZSt24__throw_invalid_argumentPKc
                0x00000000804ded48       0x28 obj/src/libcxx/exception.o
                0x00000000804ded48                _ZSt24__throw_invalid_argumentPKc
 .text._ZSt20__throw_length_errorPKc
                0x00000000804ded70       0x28 obj/src/libcxx/exception.o
                0x00000000804ded70                _ZSt20__throw_length_errorPKc
 .text._ZSt20__throw_out_of_rangePKc
                0x00000000804ded98       0x28 obj/src/libcxx/exception.o
                0x00000000804ded98                _ZSt20__throw_out_of_rangePKc
 .text._ZSt24__throw_out_of_range_fmtPKcz
                0x00000000804dedc0       0x28 obj/src/libcxx/exception.o
                0x00000000804dedc0                _ZSt24__throw_out_of_range_fmtPKcz
 .text._ZSt21__throw_runtime_errorPKc
                0x00000000804dede8       0x28 obj/src/libcxx/exception.o
                0x00000000804dede8                _ZSt21__throw_runtime_errorPKc
 .text._ZSt19__throw_range_errorPKc
                0x00000000804dee10       0x28 obj/src/libcxx/exception.o
                0x00000000804dee10                _ZSt19__throw_range_errorPKc
 .text._ZSt22__throw_overflow_errorPKc
                0x00000000804dee38       0x28 obj/src/libcxx/exception.o
                0x00000000804dee38                _ZSt22__throw_overflow_errorPKc
 .text._ZSt23__throw_underflow_errorPKc
                0x00000000804dee60       0x28 obj/src/libcxx/exception.o
                0x00000000804dee60                _ZSt23__throw_underflow_errorPKc
 .text.__cxa_allocate_exception
                0x00000000804dee88       0x28 obj/src/libcxx/exception.o
                0x00000000804dee88                __cxa_allocate_exception
 .text.__cxa_free_exception
                0x00000000804deeb0       0x28 obj/src/libcxx/exception.o
                0x00000000804deeb0                __cxa_free_exception
 .text.__cxa_throw
                0x00000000804deed8       0x28 obj/src/libcxx/exception.o
                0x00000000804deed8                __cxa_throw
 .text.__cxa_rethrow
                0x00000000804def00       0x28 obj/src/libcxx/exception.o
                0x00000000804def00                __cxa_rethrow
 .text.__cxa_begin_catch
                0x00000000804def28        0x4 obj/src/libcxx/exception.o
                0x00000000804def28                __cxa_begin_catch
 .text.__cxa_end_catch
                0x00000000804def2c        0x4 obj/src/libcxx/exception.o
                0x00000000804def2c                __cxa_end_catch
 .text.__cxa_tm_cleanup
                0x00000000804def30       0x28 obj/src/libcxx/exception.o
                0x00000000804def30                __cxa_tm_cleanup
 .text._Unwind_DeleteException
                0x00000000804def58       0x28 obj/src/libcxx/exception.o
                0x00000000804def58                _Unwind_DeleteException
 .text._Unwind_Resume
                0x00000000804def80       0x28 obj/src/libcxx/exception.o
                0x00000000804def80                _Unwind_Resume
 .text          0x00000000804defa8        0x0 obj/src/main.o
 .text.hook_StartMelee
                0x00000000804defa8       0xe0 obj/src/main.o
                0x00000000804defa8                hook_StartMelee
 .text.hook_Scene_Main
                0x00000000804df088       0x60 obj/src/main.o
                0x00000000804df088                hook_Scene_Main
 .text          0x00000000804df0e8        0x0 obj/src/hooks.o
                0x00000000804df100                hooks_base = (text2_base + SIZEOF (.text2))
                0x00000000804df100                hooks_base = ((hooks_base + 0x1f) & 0xffffffffffffffe0)
                0x0000000000438ac8                hooks_offset = (text2_offset + SIZEOF (.text2))

.hooks          0x00000000804df100       0x10 load address 0x0000000000438ac8
 obj/src/hooks.o()
 .data          0x00000000804df100        0x0 obj/src/hooks.o
 .bss           0x00000000804df100        0x0 obj/src/hooks.o
 .hooks         0x00000000804df100       0x10 obj/src/hooks.o
                0x00000000804df100                orig_Scene_Main
                0x00000000804df108                orig_StartMelee
                0x00000000804df120                data8_base = (hooks_base + SIZEOF (.hooks))
                0x00000000804df120                data8_base = ((data8_base + 0x1f) & 0xffffffffffffffe0)
                0x0000000000438ad8                data8_offset = (hooks_offset + SIZEOF (.hooks))

.data8          0x00000000804df120      0x234 load address 0x0000000000438ad8
 *(.rodata* .rdata* .data* .sdata*)
 .data          0x00000000804df120        0x0 obj/src/libcxx/alloc.o
 .data          0x00000000804df120        0x0 obj/src/libcxx/exception.o
 .rodata._Unwind_DeleteException.str1.4
                0x00000000804df120       0x18 obj/src/libcxx/exception.o
 .rodata._Unwind_Resume.str1.4
                0x00000000804df138        0xf obj/src/libcxx/exception.o
 *fill*         0x00000000804df147        0x1 
 .rodata._ZSt16__throw_bad_castv.str1.4
                0x00000000804df148       0x11 obj/src/libcxx/exception.o
 *fill*         0x00000000804df159        0x3 
 .rodata._ZSt17__throw_bad_allocv.str1.4
                0x00000000804df15c       0x12 obj/src/libcxx/exception.o
 *fill*         0x00000000804df16e        0x2 
 .rodata._ZSt18__throw_bad_typeidv.str1.4
                0x00000000804df170       0x13 obj/src/libcxx/exception.o
 *fill*         0x00000000804df183        0x1 
 .rodata._ZSt19__throw_logic_errorPKc.str1.4
                0x00000000804df184       0x14 obj/src/libcxx/exception.o
 .rodata._ZSt19__throw_range_errorPKc.str1.4
                0x00000000804df198       0x14 obj/src/libcxx/exception.o
 .rodata._ZSt20__throw_domain_errorPKc.str1.4
                0x00000000804df1ac       0x15 obj/src/libcxx/exception.o
 *fill*         0x00000000804df1c1        0x3 
 .rodata._ZSt20__throw_length_errorPKc.str1.4
                0x00000000804df1c4       0x15 obj/src/libcxx/exception.o
 *fill*         0x00000000804df1d9        0x3 
 .rodata._ZSt20__throw_out_of_rangePKc.str1.4
                0x00000000804df1dc       0x15 obj/src/libcxx/exception.o
 *fill*         0x00000000804df1f1        0x3 
 .rodata._ZSt21__throw_bad_exceptionv.str1.4
                0x00000000804df1f4       0x31 obj/src/libcxx/exception.o
 *fill*         0x00000000804df225        0x3 
 .rodata._ZSt21__throw_runtime_errorPKc.str1.4
                0x00000000804df228       0x16 obj/src/libcxx/exception.o
 *fill*         0x00000000804df23e        0x2 
 .rodata._ZSt22__throw_overflow_errorPKc.str1.4
                0x00000000804df240       0x17 obj/src/libcxx/exception.o
 *fill*         0x00000000804df257        0x1 
 .rodata._ZSt23__throw_underflow_errorPKc.str1.4
                0x00000000804df258       0x18 obj/src/libcxx/exception.o
 .rodata._ZSt24__throw_invalid_argumentPKc.str1.4
                0x00000000804df270       0x19 obj/src/libcxx/exception.o
 *fill*         0x00000000804df289        0x3 
 .rodata._ZSt24__throw_out_of_range_fmtPKcz.str1.4
                0x00000000804df28c       0x19 obj/src/libcxx/exception.o
 *fill*         0x00000000804df2a5        0x3 
 .rodata._ZSt25__throw_bad_function_callv.str1.4
                0x00000000804df2a8       0x1a obj/src/libcxx/exception.o
 *fill*         0x00000000804df2c2        0x2 
 .rodata._ZSt28__throw_bad_array_new_lengthv.str1.4
                0x00000000804df2c4       0x1d obj/src/libcxx/exception.o
 *fill*         0x00000000804df2e1        0x3 
 .rodata.__cxa_allocate_exception.str1.4
                0x00000000804df2e4       0x19 obj/src/libcxx/exception.o
 *fill*         0x00000000804df2fd        0x3 
 .rodata.__cxa_rethrow.str1.4
                0x00000000804df300        0xe obj/src/libcxx/exception.o
 *fill*         0x00000000804df30e        0x2 
 .rodata.__cxa_throw.str1.4
                0x00000000804df310        0xc obj/src/libcxx/exception.o
 .rodata.__cxa_tm_cleanup.str1.4
                0x00000000804df31c       0x11 obj/src/libcxx/exception.o
 .data          0x00000000804df32d        0x0 obj/src/main.o
 *fill*         0x00000000804df32d        0x3 
 .rodata        0x00000000804df330        0xc obj/src/main.o
 .rodata.hook_StartMelee.cst4
                0x00000000804df33c        0x8 obj/src/main.o
 .rodata.hook_StartMelee.str1.4
                0x00000000804df344       0x10 obj/src/main.o
                0x00000000804df360                ctors_base = (data8_base + SIZEOF (.data8))
                0x00000000804df360                ctors_base = ((ctors_base + 0x1f) & 0xffffffffffffffe0)
                0x00000000804df360                ctors_end = (ctors_base + SIZEOF (.ctors))
                0x0000000000438d0c                ctors_offset = (data8_offset + SIZEOF (.data8))

.ctors          0x00000000804df360        0x0 load address 0x0000000000438d0c
 *(.ctors)
                0x00000000804df360                bss_base = (ctors_base + SIZEOF (.ctors))
                0x00000000804df360                bss_base = ((bss_base + 0x1f) & 0xffffffffffffffe0)
                0x0000000000438d0c                bss_offset = (ctors_offset + SIZEOF (.ctors))

.bss            0x00000000804df360        0x0 load address 0x0000000000438d0c
 *(.bss* .sbss* COMMON)
 .bss           0x00000000804df360        0x0 obj/src/libcxx/alloc.o
 .bss           0x00000000804df360        0x0 obj/src/libcxx/exception.o
 .bss           0x00000000804df360        0x0 obj/src/main.o

/DISCARD/
 *(*)
OUTPUT(bin/sys/main.dol binary)
